<html>
<body>
<pre>
<h1>µVision Build Log</h1>
<h2>Project:</h2>
D:\Keil\TExaSware\Lab6_BranchingFunctionsDelays\Lab6.uvproj
Project File Date:  02/22/2014

<h2>Output:</h2>
Build target 'Lab6'
assembling startup.s...
compiling BranchingFunctionsDelays.c...
linking...
Program Size: Code=3776 RO-data=5996 RW-data=68 ZI-data=1756  
".\Lab6.axf" - 0 Error(s), 0 Warning(s).
Load "D:\\Keil\\TExaSware\\Lab6_BranchingFunctionsDelays\\Lab6.axf" 
Connecting: Mode=JTAG, Speed=1000000Hz
Erase Done.
Programming Done.
Verify OK.
</pre>
</body>
</html>
