<html>
<body>
<pre>
<h1>µVision Build Log</h1>
<h2>Project:</h2>
D:\Keil\Labware\Lab10_TrafficLight\Lab10.uvproj
Project File Date:  04/20/2014

<h2>Output:</h2>
Rebuild target 'Lab10'
compiling TableTrafficLight.c...
compiling SysTick.c...
assembling startup.s...
linking...
Program Size: Code=4116 RO-data=14692 RW-data=76 ZI-data=1756  
".\Lab10.axf" - 0 Error(s), 0 Warning(s).
Load "D:\\Keil\\Labware\\Lab10_TrafficLight\\Lab10.axf" 
Connecting: Mode=JTAG, Speed=1000000Hz
Erase Done.
Programming Done.
Verify OK.
</pre>
</body>
</html>
rget DLL has been cancelled
Load "D:\\Keil\\Labware\\Lab10_TrafficLight\\Lab10.axf" 
Connecting: Mode=JTAG, Speed=1000000Hz
Connection failed!, error code=&d
Error: Flash Download failed  -  Target DLL has been cancelled
